// Jest Snapshot v1, https://goo.gl/fbAQLP

exports[`[app-indexer] (e2e) emit event to the app-indexer 1`] = `
[
  {
    "_id": "eth:0x20Cc3Bd22144209CF93dA14017C506b0ed0F3e4c:0x09",
    "block": 14316461,
    "count": 1,
    "from": "0x0000000000000000000000000000000000000000",
    "retryCount": 0,
    "tokenMetadataStatus": "undefined",
    "tokenUri": "",
  },
  {
    "_id": "eth:0x33EeCbf908478C10614626A9D304bfe18B78DD73:0x74727e18",
    "block": 14316461,
    "count": 1,
    "from": "0x0000000000000000000000000000000000000000",
    "retryCount": 0,
    "tokenMetadataStatus": "undefined",
    "tokenUri": "",
  },
  {
    "_id": "eth:0x57f1887a8BF19b14fC0dF6Fd9B2acc9Af147eA85:0x236e3738237711e27d68d047bd63904459456f82125b1b930687ba3498edc469",
    "block": 14316461,
    "count": 1,
    "from": "0x0000000000000000000000000000000000000000",
    "retryCount": 0,
    "tokenMetadataStatus": "undefined",
    "tokenUri": "",
  },
  {
    "_id": "eth:0x74ba9caaa5847e142263d5F7645fFeD92e5087E5:0x017d",
    "block": 14316461,
    "count": 1,
    "from": "0x0000000000000000000000000000000000000000",
    "retryCount": 0,
    "tokenMetadataStatus": "undefined",
    "tokenUri": "",
  },
  {
    "_id": "eth:0x74ba9caaa5847e142263d5F7645fFeD92e5087E5:0x017e",
    "block": 14316461,
    "count": 1,
    "from": "0x0000000000000000000000000000000000000000",
    "retryCount": 0,
    "tokenMetadataStatus": "undefined",
    "tokenUri": "",
  },
  {
    "_id": "eth:0x9FB2EEb75754815c5Cc9092Cd53549cEa5dc404f:0x1ecb",
    "block": 14316461,
    "count": 1,
    "from": "0x0000000000000000000000000000000000000000",
    "retryCount": 0,
    "tokenMetadataStatus": "undefined",
    "tokenUri": "",
  },
  {
    "_id": "eth:0xC36442b4a4522E871399CD717aBDD847Ab11FE88:0x030aee",
    "block": 14316461,
    "count": 1,
    "from": "0x0000000000000000000000000000000000000000",
    "retryCount": 0,
    "tokenMetadataStatus": "undefined",
    "tokenUri": "",
  },
  {
    "_id": "eth:0xa7d8d9ef8D8Ce8992Df33D8b8CF4Aebabd5bD270:0x10272239",
    "block": 14316461,
    "count": 1,
    "from": "0x0000000000000000000000000000000000000000",
    "retryCount": 0,
    "tokenMetadataStatus": "undefined",
    "tokenUri": "",
  },
  {
    "_id": "eth:0xcCF200D7694a7f0a325c8AFD905c997a6Cc3Ee10:0x01",
    "block": 14316461,
    "count": 1,
    "from": "0x0000000000000000000000000000000000000000",
    "retryCount": 0,
    "tokenMetadataStatus": "undefined",
    "tokenUri": "",
  },
  {
    "_id": "eth:0xcCF200D7694a7f0a325c8AFD905c997a6Cc3Ee10:0x04",
    "block": 14316461,
    "count": 1,
    "from": "0x0000000000000000000000000000000000000000",
    "retryCount": 0,
    "tokenMetadataStatus": "undefined",
    "tokenUri": "",
  },
]
`;

exports[`[app-indexer] (e2e) emit event to the app-indexer 2`] = `
[
  {
    "_id": "eth:0x20Cc3Bd22144209CF93dA14017C506b0ed0F3e4c",
    "address": "0x20Cc3Bd22144209CF93dA14017C506b0ed0F3e4c",
    "block": 14316461,
    "collectionImage": null,
    "name": "",
    "type": "ERC-721",
  },
  {
    "_id": "eth:0x33EeCbf908478C10614626A9D304bfe18B78DD73",
    "address": "0x33EeCbf908478C10614626A9D304bfe18B78DD73",
    "block": 14316461,
    "collectionImage": null,
    "name": "",
    "type": "ERC-721",
  },
  {
    "_id": "eth:0x57f1887a8BF19b14fC0dF6Fd9B2acc9Af147eA85",
    "address": "0x57f1887a8BF19b14fC0dF6Fd9B2acc9Af147eA85",
    "block": 14316461,
    "collectionImage": null,
    "name": "",
    "type": "ERC-721",
  },
  {
    "_id": "eth:0x74ba9caaa5847e142263d5F7645fFeD92e5087E5",
    "address": "0x74ba9caaa5847e142263d5F7645fFeD92e5087E5",
    "block": 14316461,
    "collectionImage": null,
    "name": "",
    "type": "ERC-721",
  },
  {
    "_id": "eth:0x9FB2EEb75754815c5Cc9092Cd53549cEa5dc404f",
    "address": "0x9FB2EEb75754815c5Cc9092Cd53549cEa5dc404f",
    "block": 14316461,
    "collectionImage": null,
    "name": "",
    "type": "ERC-721",
  },
  {
    "_id": "eth:0xC36442b4a4522E871399CD717aBDD847Ab11FE88",
    "address": "0xC36442b4a4522E871399CD717aBDD847Ab11FE88",
    "block": 14316461,
    "collectionImage": null,
    "name": "",
    "type": "ERC-721",
  },
  {
    "_id": "eth:0xa7d8d9ef8D8Ce8992Df33D8b8CF4Aebabd5bD270",
    "address": "0xa7d8d9ef8D8Ce8992Df33D8b8CF4Aebabd5bD270",
    "block": 14316461,
    "collectionImage": null,
    "name": "",
    "type": "ERC-721",
  },
  {
    "_id": "eth:0xcCF200D7694a7f0a325c8AFD905c997a6Cc3Ee10",
    "address": "0xcCF200D7694a7f0a325c8AFD905c997a6Cc3Ee10",
    "block": 14316461,
    "collectionImage": null,
    "name": "",
    "type": "ERC-1155",
  },
]
`;
