// Jest Snapshot v1, https://goo.gl/fbAQLP

exports[`[contract-reader queue] should successfully consume messages from queue 1`] = `
[
  {
    "_id": "eth:0x9FB2EEb75754815c5Cc9092Cd53549cEa5dc404f",
    "address": "0x9FB2EEb75754815c5Cc9092Cd53549cEa5dc404f",
    "block": 14316461,
    "collectionImage": {
      "url": "url",
    },
    "name": "0x9FB2EEb75754815c5Cc9092Cd53549cEa5dc404f",
    "type": "ERC-721",
  },
  {
    "_id": "eth:0xE1E484251ffFee048A839bc2d68C160BD8C82aBB",
    "address": "0xE1E484251ffFee048A839bc2d68C160BD8C82aBB",
    "block": 14316462,
    "collectionImage": {
      "url": "url",
    },
    "name": "0xE1E484251ffFee048A839bc2d68C160BD8C82aBB",
    "type": "ERC-721",
  },
  {
    "_id": "eth:0xa7d8d9ef8D8Ce8992Df33D8b8CF4Aebabd5bD270",
    "address": "0xa7d8d9ef8D8Ce8992Df33D8b8CF4Aebabd5bD270",
    "block": 14316461,
    "collectionImage": {
      "url": "url",
    },
    "name": "0xa7d8d9ef8D8Ce8992Df33D8b8CF4Aebabd5bD270",
    "type": "ERC-721",
  },
  {
    "_id": "eth:0x57f1887a8BF19b14fC0dF6Fd9B2acc9Af147eA85",
    "address": "0x57f1887a8BF19b14fC0dF6Fd9B2acc9Af147eA85",
    "block": 14316461,
    "collectionImage": {
      "url": "url",
    },
    "name": "ENS",
    "type": "PRE-721",
  },
  {
    "_id": "eth:0x20Cc3Bd22144209CF93dA14017C506b0ed0F3e4c",
    "address": "0x20Cc3Bd22144209CF93dA14017C506b0ed0F3e4c",
    "block": 14316461,
    "collectionImage": {
      "url": "url",
    },
    "name": "0x20Cc3Bd22144209CF93dA14017C506b0ed0F3e4c",
    "type": "ERC-721",
  },
  {
    "_id": "eth:0x33EeCbf908478C10614626A9D304bfe18B78DD73",
    "address": "0x33EeCbf908478C10614626A9D304bfe18B78DD73",
    "block": 14316461,
    "collectionImage": {
      "url": "url",
    },
    "name": "0x33EeCbf908478C10614626A9D304bfe18B78DD73",
    "type": "ERC-721",
  },
  {
    "_id": "eth:0x8Ce66fF0865570D1ff0BB0098Fa41B4dc61E02e6",
    "address": "0x8Ce66fF0865570D1ff0BB0098Fa41B4dc61E02e6",
    "block": 14316462,
    "collectionImage": {
      "url": "url",
    },
    "name": "0x8Ce66fF0865570D1ff0BB0098Fa41B4dc61E02e6",
    "type": "ERC-721",
  },
  {
    "_id": "eth:0xdAAe81C0077e8917a2Eb63BB66EF701ff4781Bb0",
    "address": "0xdAAe81C0077e8917a2Eb63BB66EF701ff4781Bb0",
    "block": 14316462,
    "collectionImage": {
      "url": "url",
    },
    "name": "PepeDapp",
    "type": "PRE-1151",
  },
  {
    "_id": "eth:0x73DA73EF3a6982109c4d5BDb0dB9dd3E3783f313",
    "address": "0x73DA73EF3a6982109c4d5BDb0dB9dd3E3783f313",
    "block": 14316462,
    "collectionImage": {
      "url": "url",
    },
    "name": "Curio-cards",
    "type": "PRE-1151",
  },
  {
    "_id": "eth:0xF87E31492Faf9A91B02Ee0dEAAd50d51d56D5d4d",
    "address": "0xF87E31492Faf9A91B02Ee0dEAAd50d51d56D5d4d",
    "block": 14316462,
    "collectionImage": {
      "url": "url",
    },
    "name": "0xF87E31492Faf9A91B02Ee0dEAAd50d51d56D5d4d",
    "type": "PRE-721",
  },
]
`;

exports[`[contract-reader queue] should successfully consume messages from queue 2`] = `
[
  {
    "_id": "eth:0x9FB2EEb75754815c5Cc9092Cd53549cEa5dc404f:0x1ecb",
    "block": 14316461,
    "count": 1,
    "from": "0x95d35C8a511F5877Af28B515ab4f0A03B730ae9C",
    "retryCount": 0,
    "tokenMetadataStatus": "undefined",
    "tokenUri": "https://tokenUri/0x1ecb",
  },
  {
    "_id": "eth:0x9FB2EEb75754815c5Cc9092Cd53549cEa5dc404f:0x04",
    "block": 14316461,
    "count": 1,
    "from": "0x95d35C8a511F5877Af28B515ab4f0A03B730ae9C",
    "retryCount": 0,
    "tokenMetadataStatus": "undefined",
    "tokenUri": "https://tokenUri/0x04",
  },
  {
    "_id": "eth:0x9FB2EEb75754815c5Cc9092Cd53549cEa5dc404f:0x0440",
    "block": 14316462,
    "count": 1,
    "from": "0x95d35C8a511F5877Af28B515ab4f0A03B730ae9C",
    "retryCount": 0,
    "tokenMetadataStatus": "undefined",
    "tokenUri": "https://tokenUri/0x0440",
  },
  {
    "_id": "eth:0xE1E484251ffFee048A839bc2d68C160BD8C82aBB:0x15",
    "block": 14316462,
    "count": 1,
    "from": "0x95d35C8a511F5877Af28B515ab4f0A03B730ae9C",
    "retryCount": 0,
    "tokenMetadataStatus": "undefined",
    "tokenUri": "https://tokenUri/0x15",
  },
  {
    "_id": "eth:0xE1E484251ffFee048A839bc2d68C160BD8C82aBB:0x16",
    "block": 14316462,
    "count": 1,
    "from": "0x95d35C8a511F5877Af28B515ab4f0A03B730ae9C",
    "retryCount": 0,
    "tokenMetadataStatus": "undefined",
    "tokenUri": "https://tokenUri/0x16",
  },
  {
    "_id": "eth:0xE1E484251ffFee048A839bc2d68C160BD8C82aBB:0x0c",
    "block": 14316462,
    "count": 1,
    "from": "0x95d35C8a511F5877Af28B515ab4f0A03B730ae9C",
    "retryCount": 0,
    "tokenMetadataStatus": "undefined",
    "tokenUri": "https://tokenUri/0x0c",
  },
  {
    "_id": "eth:0xE1E484251ffFee048A839bc2d68C160BD8C82aBB:0x017e",
    "block": 14316461,
    "count": 1,
    "from": "0x95d35C8a511F5877Af28B515ab4f0A03B730ae9C",
    "retryCount": 0,
    "tokenMetadataStatus": "undefined",
    "tokenUri": "https://tokenUri/0x017e",
  },
  {
    "_id": "eth:0xD2f81Cd7A20d60c0d558496c7169A20968389b40:0x017e",
    "block": 14316461,
    "count": 1,
    "from": "0x95d35C8a511F5877Af28B515ab4f0A03B730ae9C",
    "retryCount": 0,
    "tokenMetadataStatus": "undefined",
    "tokenUri": "https://tokenMetadata/0x017e",
  },
  {
    "_id": "eth:0x06012c8cf97BEaD5deAe237070F9587f8E7A266d:0x0A",
    "block": 14316461,
    "count": 1,
    "from": "0x95d35C8a511F5877Af28B515ab4f0A03B730ae9C",
    "retryCount": 0,
    "tokenMetadataStatus": "undefined",
    "tokenUri": "https://api.cryptokitties.co/kitties/10",
  },
]
`;
