// Jest Snapshot v1, https://goo.gl/fbAQLP

exports[`ExplorersClient [request] method should return list of results from explorers API 1`] = `
[
  {
    "blockHash": "0x5465b913d75e5027b34321a1c738bc028696fa101076407050d45890fdd1d34f",
    "blockHeight": 15091714,
    "contract": "0x753f10598c026e73182ca74ed33de05974b9f083",
    "data": "0x",
    "logIndex": 127,
    "signature": "0xddf252ad1be2c89b69c2b068fc378daa952ba7f163c4a11628f55a4df523b3ef",
    "topics": [
      "0x0000000000000000000000000000000000000000000000000000000000000000",
      "0x00000000000000000000000047ba73787ea555cafbf1c4472b03471c73e46e76",
      "0x0000000000000000000000000000000000000000000000000000000000003149",
    ],
    "transactionHash": "0x0b70aeddc58087db0982e5a3299cf406f6cb67fe41df6b0bfc3ace4bbe8e4da3",
    "transactionIndex": 29,
  },
  {
    "blockHash": "0x5465b913d75e5027b34321a1c738bc028696fa101076407050d45890fdd1d34f",
    "blockHeight": 15091714,
    "contract": "0x753f10598c026e73182ca74ed33de05974b9f083",
    "data": "0x",
    "logIndex": 126,
    "signature": "0xddf252ad1be2c89b69c2b068fc378daa952ba7f163c4a11628f55a4df523b3ef",
    "topics": [
      "0x0000000000000000000000000000000000000000000000000000000000000000",
      "0x00000000000000000000000047ba73787ea555cafbf1c4472b03471c73e46e76",
      "0x0000000000000000000000000000000000000000000000000000000000003148",
    ],
    "transactionHash": "0x0b70aeddc58087db0982e5a3299cf406f6cb67fe41df6b0bfc3ace4bbe8e4da3",
    "transactionIndex": 29,
  },
  {
    "blockHash": "0x9a096f71e0b475675f87e150ce1f07080cb137d5a9d2b2f8bfbdc11725c86905",
    "blockHeight": 14269363,
    "contract": "0xd532b88607b1877fe20c181cba2550e3bbd6b31c",
    "data": "0x",
    "logIndex": 136,
    "signature": "0xddf252ad1be2c89b69c2b068fc378daa952ba7f163c4a11628f55a4df523b3ef",
    "topics": [
      "0x0000000000000000000000000c4a949315886f2cf07e1a54a277eed860f33711",
      "0x00000000000000000000000047ba73787ea555cafbf1c4472b03471c73e46e76",
      "0x0000000000000000000000000000000000000000000000000000000000001edc",
    ],
    "transactionHash": "0xeffc27ac18207071d542ab9e917ececd307f0f7c5b503c51b1712b1168172a27",
    "transactionIndex": 58,
  },
  {
    "blockHash": "0x02c6f9f733183a16662cbe449f84a3eed1850956c6afbeeee5f13d2bedd5d4ca",
    "blockHeight": 14237259,
    "contract": "0x4db1f25d3d98600140dfc18deb7515be5bd293af",
    "data": "0x",
    "logIndex": 26,
    "signature": "0xddf252ad1be2c89b69c2b068fc378daa952ba7f163c4a11628f55a4df523b3ef",
    "topics": [
      "0x000000000000000000000000f7f4e08f349a4f0610a44d18433dcdcc4a0e5b74",
      "0x00000000000000000000000047ba73787ea555cafbf1c4472b03471c73e46e76",
      "0x0000000000000000000000000000000000000000000000000000000000001d03",
    ],
    "transactionHash": "0x6e8859a2248b5a111217437db2a47ba175de854faf04ea8110e09296d78060c1",
    "transactionIndex": 34,
  },
  {
    "blockHash": "0xc8e4adf97e51cf2de5a1fd9fbf905284291241698bfe00a4d7224159b07a2cf4",
    "blockHeight": 14298517,
    "contract": "0x13d15d8b7b2bf48cbaf144c5c50e67b6b635b5cd",
    "data": "0x",
    "logIndex": 62,
    "signature": "0xddf252ad1be2c89b69c2b068fc378daa952ba7f163c4a11628f55a4df523b3ef",
    "topics": [
      "0x00000000000000000000000047ba73787ea555cafbf1c4472b03471c73e46e76",
      "0x0000000000000000000000002f554c24675623c194a4ec88ad39d062ab1779e4",
      "0x00000000000000000000000000000000000000000000000000000000000017e3",
    ],
    "transactionHash": "0xd3aee1d58291366bf861de810c3c3ef4b0f7a8a192727d55c58b140aa8033446",
    "transactionIndex": 47,
  },
  {
    "blockHash": "0xe2b13fba7e061af10e3c6f3f09bd464f769f72c9d3f4f044fc58cb4453096df3",
    "blockHeight": 14289024,
    "contract": "0x13d15d8b7b2bf48cbaf144c5c50e67b6b635b5cd",
    "data": "0x",
    "logIndex": 441,
    "signature": "0xddf252ad1be2c89b69c2b068fc378daa952ba7f163c4a11628f55a4df523b3ef",
    "topics": [
      "0x0000000000000000000000000000000000000000000000000000000000000000",
      "0x00000000000000000000000047ba73787ea555cafbf1c4472b03471c73e46e76",
      "0x00000000000000000000000000000000000000000000000000000000000017e5",
    ],
    "transactionHash": "0xe564e61431bb14b952de01c5fbdc05bd8b24778c801a46309a9fb3d32ed9ea9b",
    "transactionIndex": 355,
  },
]
`;
