// Jest Snapshot v1, https://goo.gl/fbAQLP

exports[`[metadata-reader] should extract metadata from tokens 1`] = `
[
  {
    "_id": "eth:0x9FB2EEb75754815c5Cc9092Cd53549cEa5dc404f:0x04",
    "metadata": "{"dna":"001006005003077021","name":"Keg Pleb #382","description":"Born out of a bad batch of fermented hops, Keg Plebs crawled out of the brew vats and into a local brew shop (of which will remain anonymous...for obvious reasons). In an attempt to blend in, the Keg Plebs took cues from the only people they knew, the local yocals. Don't hate them for their adopted style, interests, or bad habits, what they lack in looks they make up for in personality. Fueled by a variety of apré brews, adrenalin and breakfast burritos, the great Keg Pleb migration has begun. Breweries are now accepting applications for resident keg plebs to man the bar, clean the floors and full send-it as needed.","image":"ipfs://QmbCmZ2yLMG1U24kAo1or4Kn7w6tZ3u7KEZnC3s5Jo1wQL/382.png","mint":382,"date":1646123383721,"attributes":[{"trait_type":"BACKGROUND","value":"Blue"},{"trait_type":"BODY","value":"Baja Hoodie Beige"},{"trait_type":"HEAD","value":"Pleb Head"},{"trait_type":"EYES","value":"Buzzed"},{"trait_type":"HAT-HAIR","value":"Long Hair Pink"},{"trait_type":"MOUTHS","value":"Slurp"}]}",
    "type": "https",
  },
  {
    "_id": "eth:0x9FB2EEb75754815c5Cc9092Cd53549cEa5dc404f:0x0440",
    "metadata": "{"dna":"001006005003077021","name":"Keg Pleb #382","description":"Born out of a bad batch of fermented hops, Keg Plebs crawled out of the brew vats and into a local brew shop (of which will remain anonymous...for obvious reasons). In an attempt to blend in, the Keg Plebs took cues from the only people they knew, the local yocals. Don't hate them for their adopted style, interests, or bad habits, what they lack in looks they make up for in personality. Fueled by a variety of apré brews, adrenalin and breakfast burritos, the great Keg Pleb migration has begun. Breweries are now accepting applications for resident keg plebs to man the bar, clean the floors and full send-it as needed.","image":"ipfs://QmbCmZ2yLMG1U24kAo1or4Kn7w6tZ3u7KEZnC3s5Jo1wQL/382.png","mint":382,"date":1646123383721,"attributes":[{"trait_type":"BACKGROUND","value":"Blue"},{"trait_type":"BODY","value":"Baja Hoodie Beige"},{"trait_type":"HEAD","value":"Pleb Head"},{"trait_type":"EYES","value":"Buzzed"},{"trait_type":"HAT-HAIR","value":"Long Hair Pink"},{"trait_type":"MOUTHS","value":"Slurp"}]}",
    "type": "https",
  },
  {
    "_id": "eth:0x9FB2EEb75754815c5Cc9092Cd53549cEa5dc404f:0x1ecb",
    "metadata": "{"dna":"001006005003077021","name":"Keg Pleb #382","description":"Born out of a bad batch of fermented hops, Keg Plebs crawled out of the brew vats and into a local brew shop (of which will remain anonymous...for obvious reasons). In an attempt to blend in, the Keg Plebs took cues from the only people they knew, the local yocals. Don't hate them for their adopted style, interests, or bad habits, what they lack in looks they make up for in personality. Fueled by a variety of apré brews, adrenalin and breakfast burritos, the great Keg Pleb migration has begun. Breweries are now accepting applications for resident keg plebs to man the bar, clean the floors and full send-it as needed.","image":"ipfs://QmbCmZ2yLMG1U24kAo1or4Kn7w6tZ3u7KEZnC3s5Jo1wQL/382.png","mint":382,"date":1646123383721,"attributes":[{"trait_type":"BACKGROUND","value":"Blue"},{"trait_type":"BODY","value":"Baja Hoodie Beige"},{"trait_type":"HEAD","value":"Pleb Head"},{"trait_type":"EYES","value":"Buzzed"},{"trait_type":"HAT-HAIR","value":"Long Hair Pink"},{"trait_type":"MOUTHS","value":"Slurp"}]}",
    "type": "https",
  },
  {
    "_id": "eth:0xE1E484251ffFee048A839bc2d68C160BD8C82aBB:0x017e",
    "metadata": "{"dna":"001006005003077021","name":"Keg Pleb #382","description":"Born out of a bad batch of fermented hops, Keg Plebs crawled out of the brew vats and into a local brew shop (of which will remain anonymous...for obvious reasons). In an attempt to blend in, the Keg Plebs took cues from the only people they knew, the local yocals. Don't hate them for their adopted style, interests, or bad habits, what they lack in looks they make up for in personality. Fueled by a variety of apré brews, adrenalin and breakfast burritos, the great Keg Pleb migration has begun. Breweries are now accepting applications for resident keg plebs to man the bar, clean the floors and full send-it as needed.","image":"ipfs://QmbCmZ2yLMG1U24kAo1or4Kn7w6tZ3u7KEZnC3s5Jo1wQL/382.png","mint":382,"date":1646123383721,"attributes":[{"trait_type":"BACKGROUND","value":"Blue"},{"trait_type":"BODY","value":"Baja Hoodie Beige"},{"trait_type":"HEAD","value":"Pleb Head"},{"trait_type":"EYES","value":"Buzzed"},{"trait_type":"HAT-HAIR","value":"Long Hair Pink"},{"trait_type":"MOUTHS","value":"Slurp"}]}",
    "type": "https",
  },
  {
    "_id": "eth:0xE1E484251ffFee048A839bc2d68C160BD8C82aBB:0x0c",
    "metadata": "{"image":"https://gateway.pinata.cloud/ipfs/QmWHgFha8FLDf6jeLhGLCrHbVsprT32dtPziBektrZNsMm/7883.png","tokenId":7883,"name":"Superlative Mutant Ape #7883","attributes":[{"trait_type":"Background","value":"M1 Universe"},{"trait_type":"Clothes","value":"M1 Coat"},{"trait_type":"Eyes","value":"M1 Yellow Suprised"},{"trait_type":"Fur","value":"M1 Green"},{"trait_type":"Hat","value":"M1 Cowboy Hat"},{"trait_type":"Mouth","value":"M1 Jovial"}]}",
    "type": "http",
  },
  {
    "_id": "eth:0xE1E484251ffFee048A839bc2d68C160BD8C82aBB:0x15",
    "metadata": "{"image":"https://gateway.pinata.cloud/ipfs/QmWHgFha8FLDf6jeLhGLCrHbVsprT32dtPziBektrZNsMm/7883.png","tokenId":7883,"name":"Superlative Mutant Ape #7883","attributes":[{"trait_type":"Background","value":"M1 Universe"},{"trait_type":"Clothes","value":"M1 Coat"},{"trait_type":"Eyes","value":"M1 Yellow Suprised"},{"trait_type":"Fur","value":"M1 Green"},{"trait_type":"Hat","value":"M1 Cowboy Hat"},{"trait_type":"Mouth","value":"M1 Jovial"}]}",
    "type": "http",
  },
  {
    "_id": "eth:0xE1E484251ffFee048A839bc2d68C160BD8C82aBB:0x16",
    "metadata": "{"image":"https://gateway.pinata.cloud/ipfs/QmWHgFha8FLDf6jeLhGLCrHbVsprT32dtPziBektrZNsMm/7883.png","tokenId":7883,"name":"Superlative Mutant Ape #7883","attributes":[{"trait_type":"Background","value":"M1 Universe"},{"trait_type":"Clothes","value":"M1 Coat"},{"trait_type":"Eyes","value":"M1 Yellow Suprised"},{"trait_type":"Fur","value":"M1 Green"},{"trait_type":"Hat","value":"M1 Cowboy Hat"},{"trait_type":"Mouth","value":"M1 Jovial"}]}",
    "type": "http",
  },
]
`;
