// Jest Snapshot v1, https://goo.gl/fbAQLP

exports[`[metadata-reader-pinata] should extract metadata from tokens and convert to pinata 1`] = `
[
  {
    "_id": "eth:0x9FB2EEb75754815c5Cc9092Cd53549cEa5dc404f:0x1ecb",
    "block": 14316461,
    "count": 1,
    "from": "0x95d35C8a511F5877Af28B515ab4f0A03B730ae9C",
    "retryCount": 0,
    "tokenMetadataStatus": "available",
    "tokenUri": "https://gateway.pinata.cloud/ipfs/Qmdv7R7C14NqHPLPyQdcCY613w5trQyKHfBsegutRuANF4/7883.json",
  },
  {
    "_id": "eth:0x9FB2EEb75754815c5Cc9092Cd53549cEa5dc404f:0x04",
    "block": 14316461,
    "count": 1,
    "from": "0x95d35C8a511F5877Af28B515ab4f0A03B730ae9C",
    "retryCount": 0,
    "tokenMetadataStatus": "available",
    "tokenUri": "https://morpheu5.mypinata.cloud/ipfs/QmfLD1MR5uez7xDh28asEuGTUBVBMYQBxvsq6CAcpGuSJb/4",
  },
  {
    "_id": "eth:0x9FB2EEb75754815c5Cc9092Cd53549cEa5dc404f:0x0440",
    "block": 14316462,
    "count": 1,
    "from": "0x95d35C8a511F5877Af28B515ab4f0A03B730ae9C",
    "retryCount": 0,
    "tokenMetadataStatus": "available",
    "tokenUri": "ipfs://QmYGPih59j1BDXPkTysE6To7WQ4uqMAqexQVrunsXjGFj7/1088.json",
  },
  {
    "_id": "eth:0xE1E484251ffFee048A839bc2d68C160BD8C82aBB:0x017e",
    "block": 14316461,
    "count": 1,
    "from": "0x95d35C8a511F5877Af28B515ab4f0A03B730ae9C",
    "retryCount": 0,
    "tokenMetadataStatus": "available",
    "tokenUri": "ipfs://QmdqggiNGU1oxhjpn6t8GUrtCXSSuVmdbTz1FhtRCcnFyy/382.json",
  },
]
`;
